{
  "version": 1,
  "input_count": 1,
  "inputs": [
    {
      "txid": "0437cd7f8525ceed2324359c2d0ba26006d92d856a9c20fa0241106ee5a597c9",
      "vout": 0,
      "script_sig": "47304402204e45e16932b8af514961a1d3a1a25fdf3f4f7732e9d624c6c61548ab5fb8cd410220181522ec8eca07de4860a4acdd12909d831cc56cbbac4622082221a8768d1d0901",
      "sequence": "0xffffffff"
    }
  ],
  "outputs": [
    {
      "amount": 1000000000,
      "script_pub_key": "4104ae1a62fe09c5f51b13905f07f06b99a2f7159b2225f374cd378d71302fa28414e7aab37397f554a7df5f142c21c1b7303b8a0626f1baded5c72a704f7e6cd84cac"
    },
    {
      "amount": 4000000000,
      "script_pub_key": "410411db93e1dcdb8a016b49840f8c53bc1eb68a382e97b1482ecad7b148a6909a5cb2e0eaddfb84ccf9744464f82e160bfa9b8b64f9d4c03f999b8643f656b412a3ac"
    }
  ],
  "locktime": 0,
  "transaction_id": "f4184fc596403b9d638783cf57adfe4c75c605f6356fbc91338530e9831e9e16"
}
