ParsedTransaction {
    version: 1,
    input_count: 3,
    inputs: [
        Input {
            txid: "bc7530978073c78fbb0e020a503748130f5e10690a752eb794f6d87dd096988b",
            vout: 0,
            scriptSig: "47304402206213230eddf32c60167e654e3934602c0e46308932ea344a0e242699c1818f51022044895b0fc7adef9e551777d0de789d508fb56785ca80fbbfeec01b9d07b4fb7901410450128ec8ff327d0cd782702a32f51b14149d8a19b89075a56ead462363fa29ae9b35ca4f71ae8d5cd78803d835d05451ebb3ee861c80746f0e4fd5316ec306a7",
            sequence: "0xffffffff",
        },
        Input {
            txid: "461af0f9c71cefe13db48b3dc396834cc19b0624b08aee7420a5f356e91c4992",
            vout: 0,
            scriptSig: "48304502207fec947609bd275a32cfd058c76678fe868c12b681c9ab0c31f716a92ba5fed0022100cd95a9ff2036a7ee0babe268ac64b425b4490be36609452ec01c11b8eaf14665014104b5a08389cbbf01178c5451f9e1c09265e73ef7bc4a1bc6761143593134e5c6460ab31ae2d5f09140a5e95a58538fd4651cb966a86de41c1a6a79b6045ecc0312",
            sequence: "0xffffffff",
        },
        Input {
            txid: "a1d13badbaa7ea88a1ff5a347d7b715131dcde7616ce7025876e91e75d84a33c",
            vout: 0,
            scriptSig: "483045022100a53211eed0e857dfab414f106190780c3791797b81aaf5a8a8f997681f6ea660022030a00ef0733bafa5f05026e027ac6f230c3929f9c766ef31edeabf2bcaed81740121036ec01e60571b5050bafb2d77063061a487228da342e996003e35ac7b5519e2e7",
            sequence: "0xffffffff",
        },
    ],
}
