ParsedTransaction {
    version: 1,
    input_count: 1,
    inputs: [
        Input {
            txid: "c4aaf7fbec7a9a079e670e50f6a672315451c7618814494ab1f89cf3fd97b3bb",
            vout: 0,
            script_sig: "00483045022100e222a0a6816475d85ad28fbeb66e97c931081076dc9655da3afc6c1d81b43f9802204681f9ea9d52a31c9c47cf78b71410ecae6188d7c31495f5f1adfe0df5864a7401483045022100e222a0a6816475d85ad28fbeb66e97c931081076dc9655da3afc6c1d81b43f9802204681f9ea9d52a31c9c47cf78b71410ecae6188d7c31495f5f1adfe0df5864a7401483045022100e222a0a6816475d85ad28fbeb66e97c931081076dc9655da3afc6c1d81b43f9802204681f9ea9d52a31c9c47cf78b71410ecae6188d7c31495f5f1adfe0df5864a7401483045022100e222a0a6816475d85ad28fbeb66e97c931081076dc9655da3afc6c1d81b43f9802204681f9ea9d52a31c9c47cf78b71410ecae6188d7c31495f5f1adfe0df5864a7401483045022100e222a0a6816475d85ad28fbeb66e97c931081076dc9655da3afc6c1d81b43f9802204681f9ea9d52a31c9c47cf78b71410ecae6188d7c31495f5f1adfe0df5864a7401483045022100e222a0a6816475d85ad28fbeb66e97c931081076dc9655da3afc6c1d81b43f9802204681f9ea9d52a31c9c47cf78b71410ecae6188d7c31495f5f1adfe0df5864a7401483045022100e222a0a6816475d85ad28fbeb66e97c931081076dc9655da3afc6c1d81b43f9802204681f9ea9d52a31c9c47cf78b71410ecae6188d7c31495f5f1adfe0df5864a7401483045022100e222a0a6816475d85ad28fbeb66e97c931081076dc9655da3afc6c1d81b43f9802204681f9ea9d52a31c9c47cf78b71410ecae6188d7c31495f5f1adfe0df5864a7401483045022100e222a0a6816475d85ad28fbeb66e97c931081076dc9655da3afc6c1d81b43f9802204681f9ea9d52a31c9c47cf78b71410ecae6188d7c31495f5f1adfe0df5864a7401483045022100e222a0a6816475d85ad28fbeb66e97c931081076dc9655da3afc6c1d81b43f9802204681f9ea9d52a31c9c47cf78b71410ecae6188d7c31495f5f1adfe0df5864a7401483045022100e222a0a6816475d85ad28fbeb66e97c931081076dc9655da3afc6c1d81b43f9802204681f9ea9d52a31c9c47cf78b71410ecae6188d7c31495f5f1adfe0df5864a7401483045022100e222a0a6816475d85ad28fbeb66e97c931081076dc9655da3afc6c1d81b43f9802204681f9ea9d52a31c9c47cf78b71410ecae6188d7c31495f5f1adfe0df5864a7401483045022100e222a0a6816475d85ad28fbeb66e97c931081076dc9655da3afc6c1d81b43f9802204681f9ea9d52a31c9c47cf78b71410ecae6188d7c31495f5f1adfe0df5864a7401483045022100e222a0a6816475d85ad28fbeb66e97c931081076dc9655da3afc6c1d81b43f9802204681f9ea9d52a31c9c47cf78b71410ecae6188d7c31495f5f1adfe0df5864a7401483045022100e222a0a6816475d85ad28fbeb66e97c931081076dc9655da3afc6c1d81b43f9802204681f9ea9d52a31c9c47cf78b71410ecae6188d7c31495f5f1adfe0df5864a7401483045022100e222a0a6816475d85ad28fbeb66e97c931081076dc9655da3afc6c1d81b43f9802204681f9ea9d52a31c9c47cf78b71410ecae6188d7c31495f5f1adfe0df5864a7401483045022100e222a0a6816475d85ad28fbeb66e97c931081076dc9655da3afc6c1d81b43f9802204681f9ea9d52a31c9c47cf78b71410ecae6188d7c31495f5f1adfe0df5864a7401483045022100e222a0a6816475d85ad28fbeb66e97c931081076dc9655da3afc6c1d81b43f9802204681f9ea9d52a31c9c47cf78b71410ecae6188d7c31495f5f1adfe0df5864a7401483045022100e222a0a6816475d85ad28fbeb66e97c931081076dc9655da3afc6c1d81b43f9802204681f9ea9d52a31c9c47cf78b71410ecae6188d7c31495f5f1adfe0df5864a7401483045022100e222a0a6816475d85ad28fbeb66e97c931081076dc9655da3afc6c1d81b43f9802204681f9ea9d52a31c9c47cf78b71410ecae6188d7c31495f5f1adfe0df5864a7401",
            sequence: "0xffffffff",
        },
    ],
    outputs: [
        Output {
            amount: 2000000,
            script_pub_key: "76a9144663e5aab48b092c7478620d867ef2976bce149a88ac",
        },
    ],
    locktime: 0,
    transaction_id: "da738e29f64e90ae46dcc3e6b4154041d6324abbe7919e722d486a4a3148b7dc",
}
